../Core/Src/ltc.c:17:6:LTC_Init	16	static
../Core/Src/ltc.c:30:6:LTC_PEC_InitTable	24	static
../Core/Src/ltc.c:46:6:LTC_Wait	16	static
../Core/Src/ltc.c:52:6:LTC_Read	16	static
../Core/Src/ltc.c:57:6:LTC_SendBroadcastCommand	32	static
../Core/Src/ltc.c:64:6:LTC_SendAddressedCommand	32	static
../Core/Src/ltc.c:79:6:LTC_ReceiveMessage	24	static
../Core/Src/ltc.c:172:6:LTC_StartTrasmission	8	static
../Core/Src/ltc.c:176:6:LTC_EndTramission	8	static
../Core/Src/ltc.c:180:6:LTC_Communication	32	static
../Core/Src/ltc.c:189:6:LTC_ConfigCommandName	16	static
../Core/Src/ltc.c:193:6:LTC_WriteConfigRegister	16	static
../Core/Src/ltc.c:199:6:LTC_ChipSelect	16	static
../Core/Src/ltc.c:204:10:LTC_SPI	32	static
../Core/Src/ltc.c:210:6:LTC_WakeUp	8	static
../Core/Src/ltc.c:216:10:LTC_MakeCommand	16	static
../Core/Src/ltc.c:250:10:LTC_PEC	32	static
../Core/Src/ltc.c:262:6:LTC_TransmitCommand	24	static
../Core/Src/ltc.c:268:6:LTC_TransmitReceive	40	static
