../Core/Src/main.c:101:5:main	80	static
../Core/Src/main.c:184:6:SystemClock_Config	120	static
../Core/Src/main.c:245:13:MX_ETH_Init	8	static
../Core/Src/main.c:294:13:MX_SPI1_Init	8	static
../Core/Src/main.c:342:13:MX_USART3_UART_Init	8	static
../Core/Src/main.c:390:13:MX_USB_OTG_FS_PCD_Init	8	static
../Core/Src/main.c:426:13:MX_GPIO_Init	56	static
../Core/Src/main.c:498:6:StartDefaultTask	24	static
../Core/Src/main.c:523:6:StartTask02	24	static
../Core/Src/main.c:544:6:HAL_TIM_PeriodElapsedCallback	16	static
../Core/Src/main.c:561:6:Error_Handler	4	static,ignoring_inline_asm
